<html>
<body>
<pre>
<h1>µVision Build Log</h1>
<h2>Tool Versions:</h2>
IDE-Version: ¦ÌVision V5.14.0.0
Copyright (C) 2015 ARM Ltd and ARM Germany GmbH. All rights reserved.
License Information: HongChuang Fan, Inbot, LIC=TIV74-F6AK5-GI85Q-NIGBC-IEFBP-KUHZQ
 
Tool Versions:
Toolchain:       MDK-ARM Standard  Version: 5.14.0.0
Toolchain Path:  D:\Software\Keil_v5\ARM\ARMCC\Bin
C Compiler:      Armcc.exe V5.05 update 1 (build 106)
Assembler:       Armasm.exe V5.05 update 1 (build 106)
Linker/Locator:  ArmLink.exe V5.05 update 1 (build 106)
Library Manager: ArmAr.exe V5.05 update 1 (build 106)
Hex Converter:   FromElf.exe V5.05 update 1 (build 106)
CPU DLL:         SARMCM3.DLL V5.14.0.0
Dialog DLL:      DARMSTM.DLL V1.65.0.0
Target DLL:      STLink\ST-LINKIII-KEIL_SWO.dll V2.0.14.0_KEIL
Dialog DLL:      TARMSTM.DLL V1.64.0.0
 
<h2>Project:</h2>
F:\Tina-Dipan\project\Robot2.uvproj
Project File Date:  09/02/2016

<h2>Output:</h2>
Build target 'RobotBig'
compiling usart.c...
linking...
Program Size: Code=55362 RO-data=3222 RW-data=1404 ZI-data=26364  
FromELF: creating hex file...
".\Output\STM_Library.axf" - 0 Error(s), 0 Warning(s).
</pre>
</body>
</html>
